1\windows\System32\wow64.dll
1\windows\System32\wow64cpu.dll
1\windows\System32\wow64win.dll
1\windows\SysWOW64\actxprxy.dll
1\windows\SysWOW64\advapi32.dll
1\windows\SysWOW64\bcrypt.dll
1\windows\SysWOW64\bcryptprimitives.dll
1\windows\SysWOW64\cabinet.dll
1\windows\SysWOW64\cfgmgr32.dll
1\windows\SysWOW64\cmd.exe
1\windows\SysWOW64\cmdext.dll
1\windows\SysWOW64\combase.dll
1\windows\SysWOW64\comdlg32.dll
1\windows\SysWOW64\coml2.dll
1\windows\SysWOW64\credui.dll
1\windows\SysWOW64\crypt32.dll
1\windows\SysWOW64\cryptbase.dll
1\windows\SysWOW64\cryptdll.dll
1\windows\SysWOW64\cryptsp.dll
1\windows\SysWOW64\davhlpr.dll
1\windows\SysWOW64\dbgcore.dll
1\windows\SysWOW64\dbghelp.dll
1\windows\SysWOW64\devobj.dll
1\windows\SysWOW64\dllhost.exe
1\windows\SysWOW64\dnsapi.dll
1\windows\SysWOW64\dui70.dll
1\windows\SysWOW64\duser.dll
1\windows\SysWOW64\dwmapi.dll
1\windows\SysWOW64\edputil.dll
1\windows\SysWOW64\ExplorerFrame.dll
1\windows\SysWOW64\FirewallAPI.dll
1\windows\SysWOW64\fltLib.dll
1\windows\SysWOW64\fwbase.dll
1\windows\SysWOW64\gdi32.dll
1\windows\SysWOW64\gdi32full.dll
1\windows\SysWOW64\iertutil.dll
1\windows\SysWOW64\imagehlp.dll
1\windows\SysWOW64\imageres.dll
1\windows\SysWOW64\imm32.dll
1\windows\SysWOW64\IPHLPAPI.DLL
1\windows\SysWOW64\kernel.appcore.dll
1\windows\SysWOW64\kernel32.dll
1\windows\SysWOW64\KernelBase.dll
1\windows\SysWOW64\mfc42.dll
1\windows\SysWOW64\mpr.dll
1\windows\SysWOW64\msasn1.dll
1\windows\SysWOW64\msi.dll
1\windows\SysWOW64\msimg32.dll
1\windows\SysWOW64\msvcp_win.dll
1\windows\SysWOW64\msvcrt.dll
1\windows\SysWOW64\netapi32.dll
1\windows\SysWOW64\netutils.dll
1\windows\SysWOW64\nsi.dll
1\windows\SysWOW64\ntdll.dll
1\windows\SysWOW64\NtlmShared.dll
1\windows\SysWOW64\ntmarta.dll
1\windows\SysWOW64\ole32.dll
1\windows\SysWOW64\oleacc.dll
1\windows\SysWOW64\oleaccrc.dll
1\windows\SysWOW64\oleaut32.dll
1\windows\SysWOW64\oledlg.dll
1\windows\SysWOW64\olepro32.dll
1\windows\SysWOW64\pdh.dll
1\windows\SysWOW64\powrprof.dll
1\windows\SysWOW64\profapi.dll
1\windows\SysWOW64\propsys.dll
1\windows\SysWOW64\psapi.dll
1\windows\SysWOW64\reg.exe
1\windows\SysWOW64\regsvr32.exe
1\windows\SysWOW64\rpcrt4.dll
1\windows\SysWOW64\rsaenh.dll
1\windows\SysWOW64\rundll32.exe
1\windows\SysWOW64\samcli.dll
1\windows\SysWOW64\sechost.dll
1\windows\SysWOW64\secur32.dll
1\windows\SysWOW64\SensApi.dll
1\windows\SysWOW64\setupapi.dll
1\windows\SysWOW64\SHCore.dll
1\windows\SysWOW64\shell32.dll
1\windows\SysWOW64\shfolder.dll
1\windows\SysWOW64\shlwapi.dll
1\windows\SysWOW64\spfileq.dll
1\windows\SysWOW64\sspicli.dll
1\windows\SysWOW64\stdole2.tlb
1\windows\SysWOW64\ucrtbase.dll
1\windows\SysWOW64\ulib.dll
1\windows\SysWOW64\umpdc.dll
1\windows\SysWOW64\urlmon.dll
1\windows\SysWOW64\user32.dll
1\windows\SysWOW64\userenv.dll
1\windows\SysWOW64\usp10.dll
1\windows\SysWOW64\uxtheme.dll
1\windows\SysWOW64\version.dll
1\windows\SysWOW64\wimgapi.dll
1\windows\SysWOW64\win32u.dll
1\windows\SysWOW641\windows.storage.dll
1\windows\SysWOW641\windowsCodecs.dll
1\windows\SysWOW64\winhttp.dll
1\windows\SysWOW64\wininet.dll
1\windows\SysWOW64\winmm.dll
1\windows\SysWOW64\winmmbase.dll
1\windows\SysWOW64\winnsi.dll
1\windows\SysWOW64\winspool.drv
1\windows\SysWOW64\wintrust.dll
1\windows\SysWOW64\WinTypes.dll
1\windows\SysWOW64\wkscli.dll
1\windows\SysWOW64\ws2_32.dll
1\windows\SysWOW64\wsock32.dll
1\windows\SysWOW64\wtsapi32.dll
1\windows\SysWOW64\xmllite.dll
1\windows\WinSxS\Manifests\wow64_microsoft.windows.gdiplus.systemcopy_31bf3856ad364e35_10.0.18362.592_none_46ce3536bc334afc.manifest
1\windows\WinSxS\Manifests\x86_microsoft.windows.c..-controls.resources_6595b64144ccf1df_5.82.18362.592_zh-cn_e76b485c6ea9b8b4.manifest
1\windows\WinSxS\Manifests\x86_microsoft.windows.c..-controls.resources_6595b64144ccf1df_6.0.18362.592_zh-cn_a3ff9bbb3b56f307.manifest
1\windows\WinSxS\Manifests\x86_microsoft.windows.common-controls_6595b64144ccf1df_5.82.18362.592_none_71d995095ae1acb5.manifest
1\windows\WinSxS\Manifests\x86_microsoft.windows.common-controls_6595b64144ccf1df_6.0.18362.592_none_2e6de868278ee708.manifest
1\windows\WinSxS\Manifests\x86_microsoft.windows.gdiplus_6595b64144ccf1df_1.0.18362.592_none_70076c68e91b872f.manifest
1\windows\WinSxS\Manifests\x86_microsoft.windows.gdiplus_6595b64144ccf1df_1.1.18362.592_none_5f58db4d822160d6.manifest
1\windows\WinSxS\Manifests\x86_microsoft.windows.i..utomation.proxystub_6595b64144ccf1df_1.0.18362.592_none_8970e91bb4e25d44.manifest
1\windows\WinSxS\Manifests\x86_microsoft.windows.isolationautomation_6595b64144ccf1df_1.0.18362.592_none_dff997e855d84330.manifest
1\windows\WinSxS\Manifests\x86_microsoft.windows.systemcompatible_6595b64144ccf1df_6.0.18362.592_none_360a2b4be425d50f.manifest
1\windows\WinSxS\Manifests\x86_microsoft-windows-comctl32-v5.resources_31bf3856ad364e35_10.0.18362.1_zh-cn_388f02b141dfdce2.manifest
1\windows\WinSxS\wow64_microsoft.windows.gdiplus.systemcopy_31bf3856ad364e35_10.0.18362.592_none_46ce3536bc334afc
1\windows\WinSxS\x86_microsoft.windows.c..-controls.resources_6595b64144ccf1df_5.82.18362.592_zh-cn_e76b485c6ea9b8b4
1\windows\WinSxS\x86_microsoft.windows.c..-controls.resources_6595b64144ccf1df_6.0.18362.592_zh-cn_a3ff9bbb3b56f307
1\windows\WinSxS\x86_microsoft.windows.common-controls_6595b64144ccf1df_5.82.18362.592_none_71d995095ae1acb5
1\windows\WinSxS\x86_microsoft.windows.common-controls_6595b64144ccf1df_6.0.18362.592_none_2e6de868278ee708
1\windows\WinSxS\x86_microsoft.windows.gdiplus_6595b64144ccf1df_1.0.18362.592_none_70076c68e91b872f
1\windows\WinSxS\x86_microsoft.windows.gdiplus_6595b64144ccf1df_1.1.18362.592_none_5f58db4d822160d6